LTspice 26.0.2 for Windows
Circuit: C:\Users\Peasant\Documents\LTspice\BuckConverter.net
Start Time: Wed Sep  9 22:13:34 2026
solver = Normal
Maximum thread count: 12
tnom = 27
temp = 27
method = Gear
compileMatrixSetting = 1
Compress1stOrder = true
Compress2ndOrder = true
C8: Increased Cpar to 6.8e-11
C9: Increased Cpar to 6.8e-11
C11: Increased Cpar to 2.2e-12
C12: Increased Cpar to 2.2e-12
d_d: Emission coefficient, N=0.01, too small, this might lead to numerical problems.
Direct Newton iteration succeeded in finding operating point.
Total elapsed time: 0.465 seconds.

Files loaded:
C:\Users\Peasant\Documents\LTspice\BuckConverter.net
C:\Users\Peasant\AppData\Local\LTspice\lib\cmp\standard.dio
C:\Users\Peasant\Documents\LTspice\C2012X5R2A475K125AC_b_LTspice.mod
C:\Users\Peasant\Documents\LTspice\TPS54360_TRANS.LIB

